<Node e0e08e91f627c6ad>
Node(1, {2: [3, 4]})
Node(1, {2: [3, 4]})
<Node 8b51709e3dacb29d>
Node(123, b=[])
Node(123, b=[])
<Node f4b93a350e044a22>
Node({'a': 2, 'b': 1}, b=<Another 491465a316fdf989>)
Node({'a': 2, 'b': 1}, b=Another({}))
<Another c66ee6a7b28d272f>
Another(a=['a', b'b'])
Another(a=['a', b'b'])
<Node 157b57137711dfd9>
Node({'a': ['b'], 1: 2})
Node({'a': ['b'], 1: 2})
<Node d9444efb1eeb8e24>
Node((3.14, (0.00159, 0.010000000000000002)))
Node((3.14, (0.00159, 0.010000000000000002)))
<Node a9542f2cc5542831>
Node(set(1, 2, 3, 4, 5))
Node(set(1, 2, 3, 4, 5))
