1 () 3
1 (2,) 3
1 (2, 3) 3
1 () 5
1 (2,) 5
1 (2, 3) 5
