[nothing]
[simple]
Create: 1
Create: 2
[evaluate]
Create: 1
Create: 2
Create: 1
