<class 'Factory'>
<class 'Factory'>
Factory(<class 'Foo'>, 10)
Foo(10)
